// Jest Snapshot v1, https://goo.gl/fbAQLP

exports[`<Root/> should render component 1`] = `
<div>
  <div
    class="app false false dark"
  >
    <div>
      <div>
        <div
          class="MuiSnackbar-root-194 MuiSnackbar-anchorOriginTopCenter-195"
        >
          <div
            class="MuiPaper-root-23 MuiAlert-root-138 MuiAlert-filledInfo-148 MuiPaper-elevation0-26"
            direction="down"
            role="alert"
            style="opacity: 1; transform: scale(1, 1); word-break: break-word; transition: opacity 225ms cubic-bezier(0.4, 0, 0.2, 1) 0ms,transform 150ms cubic-bezier(0.4, 0, 0.2, 1) 0ms;"
          >
            <div
              class="MuiAlert-message-152"
            >
              <div
                class="MuiTypography-root-94 MuiAlertTitle-root-201 MuiTypography-body1-96 MuiTypography-gutterBottom-114"
              >
                Information
              </div>
              Safety Check: Always verify you're on https://hydranet.ai
              <div
                class="makeStyles-root-202"
              >
                <div
                  aria-valuemax="100"
                  aria-valuemin="0"
                  aria-valuenow="100"
                  class="MuiLinearProgress-root-203 MuiLinearProgress-colorPrimary-204 MuiLinearProgress-determinate-206"
                  role="progressbar"
                >
                  <div
                    class="MuiLinearProgress-bar-213 MuiLinearProgress-barColorPrimary-214 MuiLinearProgress-bar1Determinate-217"
                    style="transform: translateX(0%);"
                  />
                </div>
              </div>
            </div>
            <div
              class="MuiAlert-action-153"
            >
              <button
                aria-label="Close"
                class="MuiButtonBase-root-82 MuiIconButton-root-154 MuiIconButton-colorInherit-157 MuiIconButton-sizeSmall-160"
                tabindex="0"
                title="Close"
                type="button"
              >
                <span
                  class="MuiIconButton-label-161"
                >
                  <svg
                    aria-hidden="true"
                    class="MuiSvgIcon-root-83 MuiSvgIcon-fontSizeSmall-90"
                    focusable="false"
                    viewBox="0 0 20 20"
                  >
                    <path
                      d="M19 6.41L17.59 5 12 10.59 6.41 5 5 6.41 10.59 12 5 17.59 6.41 19 12 13.41 17.59 19 19 17.59 13.41 12z"
                    />
                  </svg>
                </span>
              </button>
            </div>
          </div>
        </div>
      </div>
    </div>
    <header
      class="MuiPaper-root-23 MuiAppBar-root-12 MuiAppBar-positionSticky-15 MuiAppBar-colorPrimary-19 makeStyles-appBar-6 MuiPaper-elevation0-26"
    >
      <div
        class="MuiToolbar-root-51 MuiToolbar-regular-53 dapp-topbar"
      >
        <button
          aria-label="open drawer"
          class="MuiButtonBase-root-82 MuiButton-root-55 MuiButton-contained-63 makeStyles-menuButton-7 MuiButton-containedSecondary-65 MuiButton-containedSizeLarge-73 MuiButton-sizeLarge-75 MuiButton-disableElevation-66"
          id="hamburger"
          tabindex="0"
          type="button"
        >
          <span
            class="MuiButton-label-56"
          >
            <svg
              aria-hidden="true"
              class="MuiSvgIcon-root-83 MuiSvgIcon-fontSizeSmall-90"
              focusable="false"
              viewBox="0 0 20 20"
            >
              hamburger.svg
            </svg>
          </span>
        </button>
        <div
          class="MuiBox-root-92 MuiBox-root-93"
        >
          <button
            class="MuiButtonBase-root-82 MuiButton-root-55 MuiButton-contained-63 MuiButton-containedSecondary-65 MuiButton-disableElevation-66"
            id="ohm-menu-button"
            tabindex="0"
            type="button"
          >
            <span
              class="MuiButton-label-56"
            >
              <svg
                aria-hidden="true"
                class="MuiSvgIcon-root-83 MuiSvgIcon-fontSizeSmall-90"
                focusable="false"
                style="margin-right: 8px;"
                viewBox="0 0 20 20"
              >
                wallet.svg
              </svg>
              <p
                class="MuiTypography-root-94 MuiTypography-body1-96"
              >
                Connect Wallet
              </p>
            </span>
          </button>
          <div
            class="PrivateSwipeArea-root-224 PrivateSwipeArea-anchorRight-226"
            style="width: 20px;"
          />
        </div>
      </div>
      <div
        class="makeStyles-alertWrapper-8"
      >
        <div
          class="MuiPaper-root-23 MuiAlert-root-138 MuiAlert-filledError-150 makeStyles-alert-10 MuiPaper-elevation0-26"
          role="alert"
        >
          <div
            class="MuiAlert-message-152"
          >
            <p>
              Be aware! The swap will end on May 20th. You will not be able to trade or swap XSN after this date.
            </p>
            <a
              class="makeStyles-redirectLinkToSwap-11 call-to-action-link"
              href="https://swap.hydranet.ai"
              target="_blank"
            >
              <strong>
                Swap here now
              </strong>
            </a>
          </div>
          <div
            class="MuiAlert-action-153"
          >
            <button
              aria-label="Close"
              class="MuiButtonBase-root-82 MuiIconButton-root-154 MuiIconButton-colorInherit-157 MuiIconButton-sizeSmall-160"
              tabindex="0"
              title="Close"
              type="button"
            >
              <span
                class="MuiIconButton-label-161"
              >
                <svg
                  aria-hidden="true"
                  class="MuiSvgIcon-root-83 MuiSvgIcon-fontSizeSmall-90"
                  focusable="false"
                  viewBox="0 0 20 20"
                >
                  <path
                    d="M19 6.41L17.59 5 12 10.59 6.41 5 5 6.41 10.59 12 5 17.59 6.41 19 12 13.41 17.59 19 19 17.59 13.41 12z"
                  />
                </svg>
              </span>
            </button>
          </div>
        </div>
      </div>
    </header>
    <nav
      class="makeStyles-drawer-1"
    >
      <div
        class="sidebar"
        id="sidebarContent"
      >
        <div
          class="MuiDrawer-root-126 MuiDrawer-docked-127"
        >
          <div
            class="MuiPaper-root-23 MuiDrawer-paper-128 MuiDrawer-paperAnchorLeft-129 MuiDrawer-paperAnchorDockedLeft-133 MuiPaper-elevation0-26"
          >
            <div
              class="MuiPaper-root-23 dapp-sidebar MuiPaper-elevation0-26 MuiPaper-rounded-24"
            >
              <div
                class="MuiBox-root-92 MuiBox-root-163 dapp-sidebar-inner"
              >
                <div
                  class="dapp-menu-top"
                >
                  <div
                    class="MuiBox-root-92 MuiBox-root-164 branding-header"
                  >
                    <a
                      class="MuiTypography-root-94 MuiLink-root-165 MuiLink-underlineNone-166 MuiTypography-colorPrimary-117"
                      href="https://hydranet.ai"
                      target="_blank"
                    >
                      <img
                        alt="HydranetLogo"
                        src="HYDRANET_LOGO.png"
                        style="min-width: 151px; min-height: auto; width: 200px;"
                      />
                    </a>
                  </div>
                  <div
                    class="dapp-menu-links"
                  >
                    <div
                      class="dapp-nav"
                      id="navbarNav"
                    >
                      <nav
                        class="MuiList-root-170 MuiList-padding-171"
                      >
                        <a
                          class="MuiTypography-root-94 MuiLink-root-165 MuiLink-underlineNone-166 MuiListItem-root-174 makeStyles-ListItem-162 MuiListItem-gutters-179 MuiTypography-colorPrimary-117"
                          href="#/dashboard"
                        >
                          <div
                            class="MuiListItemIcon-root-182"
                          >
                            <img
                              src="dashboard.png"
                              style="width: 25px; height: auto;"
                            />
                          </div>
                          <div
                            class="MuiListItemText-root-184"
                          >
                            <span
                              class="MuiTypography-root-94 MuiListItemText-primary-188 MuiTypography-body1-96 MuiTypography-displayBlock-123"
                            >
                              Dashboard
                            </span>
                          </div>
                        </a>
                        <a
                          class="MuiTypography-root-94 MuiLink-root-165 MuiLink-underlineNone-166 MuiListItem-root-174 makeStyles-ListItem-162 MuiListItem-gutters-179 MuiTypography-colorPrimary-117"
                          href="#/bonds"
                        >
                          <div
                            class="MuiListItemIcon-root-182"
                          >
                            <img
                              src="bond.png"
                              style="width: 25px; height: auto;"
                            />
                          </div>
                          <div
                            class="MuiListItemText-root-184"
                          >
                            <span
                              class="MuiTypography-root-94 MuiListItemText-primary-188 MuiTypography-body1-96 MuiTypography-displayBlock-123"
                            >
                              Bond
                            </span>
                          </div>
                        </a>
                        <a
                          class="MuiTypography-root-94 MuiLink-root-165 MuiLink-underlineNone-166 MuiListItem-root-174 makeStyles-ListItem-162 MuiListItem-gutters-179 MuiTypography-colorPrimary-117"
                          href="#/stake"
                        >
                          <div
                            class="MuiListItemIcon-root-182"
                          >
                            <img
                              src="stake.png"
                              style="width: 25px; height: auto;"
                            />
                          </div>
                          <div
                            class="MuiListItemText-root-184"
                          >
                            <span
                              class="MuiTypography-root-94 MuiListItemText-primary-188 MuiTypography-body1-96 MuiTypography-displayBlock-123"
                            >
                              Stake
                            </span>
                          </div>
                        </a>
                      </nav>
                    </div>
                  </div>
                </div>
              </div>
            </div>
          </div>
        </div>
      </div>
    </nav>
    <div
      class="makeStyles-content-2 false"
    >
      <div
        id="stake-view"
      >
        <div
          class="MuiPaper-root-23 makeStyles-root-229 makeStyles-root-230  MuiPaper-elevation0-26 MuiPaper-rounded-24"
          style="transform: none; webkit-transition: transform 225ms cubic-bezier(0.4, 0, 0.2, 1) 0ms; transition: transform 225ms cubic-bezier(0.4, 0, 0.2, 1) 0ms;"
        >
          <div
            class="MuiGrid-root-231 MuiGrid-container-232 MuiGrid-spacing-xs-2-255 MuiGrid-direction-xs-column-235"
          >
            <div
              class="MuiGrid-root-231 card-header MuiGrid-item-233"
            >
              <div
                class="MuiBox-root-92 MuiBox-root-334"
              >
                <div
                  class="MuiBox-root-92 MuiBox-root-335"
                >
                  <h5
                    class="MuiTypography-root-94 header-text MuiTypography-h5-103"
                  >
                    Stake
                  </h5>
                </div>
                <div
                  class="top-right"
                />
              </div>
              <div
                class="MuiBox-root-92 MuiBox-root-336"
              >
                <div
                  class="MuiBox-root-92 MuiBox-root-337 rebase-timer"
                >
                  <p
                    class="MuiTypography-root-94 MuiTypography-body2-95"
                  >
                    <span
                      class="MuiSkeleton-root-338 MuiSkeleton-text-339 MuiSkeleton-pulse-342"
                      style="width: 155px;"
                    />
                  </p>
                </div>
              </div>
            </div>
            <div
              class="MuiGrid-root-231 MuiGrid-item-233"
            >
              <div
                class="MuiGrid-root-231 MuiGrid-container-232 MuiGrid-spacing-xs-2-255 MuiGrid-direction-xs-column-235"
              >
                <div
                  class="MuiGrid-root-231 MuiGrid-item-233"
                >
                  <div
                    class="MuiBox-root-92 MuiBox-root-349"
                  >
                    <div
                      class="MuiGrid-root-231 MuiGrid-container-232 MuiGrid-spacing-xs-2-255 MuiGrid-align-items-xs-flex-end-242"
                    >
                      <div
                        class="MuiGrid-root-231 MuiGrid-item-233 MuiGrid-grid-xs-12-277 MuiGrid-grid-sm-12-291"
                      >
                        <div
                          class="makeStyles-root-350 stake-apy"
                        >
                          <div
                            class="MuiBox-root-92 MuiBox-root-351"
                          >
                            <h5
                              class="MuiTypography-root-94 MuiTypography-h5-103 MuiTypography-colorTextSecondary-120"
                            >
                              APY
                            </h5>
                            <h4
                              class="MuiTypography-root-94 MuiTypography-h4-102"
                              style="width: 100%;"
                            >
                              <span
                                class="MuiSkeleton-root-352 MuiSkeleton-text-353 MuiSkeleton-pulse-356"
                                style="width: 100%;"
                              />
                            </h4>
                          </div>
                        </div>
                      </div>
                    </div>
                  </div>
                </div>
                <div
                  class="staking-area"
                >
                  <div
                    class="stake-wallet-notification"
                  >
                    <div
                      class="wallet-menu"
                      id="wallet-menu"
                    >
                      <button
                        class="MuiButtonBase-root-82 MuiButton-root-55 MuiButton-contained-63 makeStyles-root-363 makeStyles-root-364 undefined MuiButton-containedPrimary-64 MuiButton-containedSizeLarge-73 MuiButton-sizeLarge-75 MuiButton-disableElevation-66"
                        style="font-size: 1.2857rem;"
                        tabindex="0"
                        type="button"
                      >
                        <span
                          class="MuiButton-label-56"
                        >
                          Connect Wallet
                        </span>
                      </button>
                    </div>
                    <h6
                      class="MuiTypography-root-94 MuiTypography-h6-104"
                    >
                      Connect your wallet to stake HDX
                    </h6>
                  </div>
                </div>
              </div>
            </div>
          </div>
        </div>
      </div>
    </div>
    <div />
  </div>
</div>
`;
