// Jest Snapshot v1, https://goo.gl/fbAQLP

exports[`<Sidebar/> should render component 1`] = `
<div>
  <div
    class="sidebar"
    id="sidebarContent"
  >
    <div
      class="MuiDrawer-root MuiDrawer-docked"
    >
      <div
        class="MuiPaper-root MuiDrawer-paper MuiDrawer-paperAnchorLeft MuiDrawer-paperAnchorDockedLeft MuiPaper-elevation0"
      >
        <div
          class="MuiPaper-root dapp-sidebar MuiPaper-elevation0 MuiPaper-rounded"
        >
          <div
            class="MuiBox-root MuiBox-root-2 dapp-sidebar-inner"
          >
            <div
              class="dapp-menu-top"
            >
              <div
                class="MuiBox-root MuiBox-root-3 branding-header"
              >
                <a
                  class="MuiTypography-root MuiLink-root MuiLink-underlineNone MuiTypography-colorPrimary"
                  href="https://hydranet.ai"
                  target="_blank"
                >
                  <img
                    alt="HydranetLogo"
                    src="hydranet-full-logo.png"
                    style="min-width: 151px; min-height: auto; width: 200px;"
                  />
                </a>
              </div>
              <div
                class="dapp-menu-links"
              >
                <div
                  class="dapp-nav"
                  id="navbarNav"
                >
                  <nav
                    class="MuiList-root MuiList-padding"
                  >
                    <a
                      class="MuiTypography-root MuiLink-root MuiLink-underlineNone MuiListItem-root makeStyles-ListItem-1 MuiListItem-gutters MuiTypography-colorPrimary"
                      href="#/dashboard"
                    >
                      <div
                        class="MuiListItemIcon-root"
                      >
                        <img
                          src="dashboard.png"
                          style="width: 25px; height: auto;"
                        />
                      </div>
                      <div
                        class="MuiListItemText-root"
                      >
                        <span
                          class="MuiTypography-root MuiListItemText-primary MuiTypography-body1 MuiTypography-displayBlock"
                        >
                          Dashboard
                        </span>
                      </div>
                    </a>
                    <a
                      class="MuiTypography-root MuiLink-root MuiLink-underlineNone MuiListItem-root makeStyles-ListItem-1 MuiListItem-gutters MuiTypography-colorPrimary"
                      href="#/bonds"
                    >
                      <div
                        class="MuiListItemIcon-root"
                      >
                        <img
                          src="bond.png"
                          style="width: 25px; height: auto;"
                        />
                      </div>
                      <div
                        class="MuiListItemText-root"
                      >
                        <span
                          class="MuiTypography-root MuiListItemText-primary MuiTypography-body1 MuiTypography-displayBlock"
                        >
                          Bond
                        </span>
                      </div>
                    </a>
                    <a
                      class="MuiTypography-root MuiLink-root MuiLink-underlineNone MuiListItem-root makeStyles-ListItem-1 MuiListItem-gutters MuiTypography-colorPrimary"
                      href="#/stake"
                    >
                      <div
                        class="MuiListItemIcon-root"
                      >
                        <img
                          src="stake.png"
                          style="width: 25px; height: auto;"
                        />
                      </div>
                      <div
                        class="MuiListItemText-root"
                      >
                        <span
                          class="MuiTypography-root MuiListItemText-primary MuiTypography-body1 MuiTypography-displayBlock"
                        >
                          Stake
                        </span>
                      </div>
                    </a>
                  </nav>
                </div>
              </div>
            </div>
          </div>
        </div>
      </div>
    </div>
  </div>
</div>
`;
