// Jest Snapshot v1, https://goo.gl/fbAQLP

exports[`<Token/> Should match previous snapshot 1`] = `
<div>
  <div
    class="MuiPaper-root MuiAccordion-root WithStyles(ForwardRef(Accordion))-root-1 MuiAccordion-rounded MuiPaper-elevation0 MuiPaper-rounded"
  >
    <div
      aria-disabled="false"
      aria-expanded="false"
      class="MuiButtonBase-root MuiAccordionSummary-root WithStyles(ForwardRef(AccordionSummary))-root-3"
      role="button"
      tabindex="0"
    >
      <div
        class="MuiAccordionSummary-content WithStyles(ForwardRef(AccordionSummary))-content-4"
      >
        <div
          class="MuiBox-root MuiBox-root-6"
        >
          <img
            height="28px"
            src="ghdx.svg"
            style="margin-right: 8px;"
            width="28px"
          />
          <p
            class="MuiTypography-root MuiTypography-body1"
          >
            OHM
          </p>
        </div>
        <div
          class="MuiBox-root MuiBox-root-7"
        >
          <p
            class="MuiTypography-root MuiTypography-body2"
            data-testid="balance-token"
            style="font-weight: 600;"
          >
            33.330000000
          </p>
        </div>
      </div>
    </div>
    <div
      class="MuiCollapse-root MuiCollapse-hidden"
      style="min-height: 0px;"
    >
      <div
        class="MuiCollapse-wrapper"
      >
        <div
          class="MuiCollapse-wrapperInner"
        >
          <div
            role="region"
          />
        </div>
      </div>
    </div>
  </div>
</div>
`;
